apiVersion: batch/v1
kind: CronJob
metadata:
  labels:
    app.kubernetes.io/managed-by: commodore
    app.kubernetes.io/name: appuio-cloud-reporting
    app.kubernetes.io/part-of: syn
  name: cloudscale-metrics-collector
  namespace: appuio-cloud-reporting
spec:
  concurrencyPolicy: Forbid
  failedJobsHistoryLimit: 5
  jobTemplate:
    spec:
      template:
        spec:
          containers:
            - args:
                - cloudscale-metrics-collector
              command:
                - sh
                - -c
              env:
                - name: password
                  valueFrom:
                    secretKeyRef:
                      key: password
                      name: reporting-db
                - name: username
                  valueFrom:
                    secretKeyRef:
                      key: username
                      name: reporting-db
                - name: ACR_DB_URL
                  value: postgres://$(username):$(password)@reporting-db.appuio-reporting.svc:5432/reporting?sslmode=disable
                - name: CLOUDSCALE_API_TOKEN
                  valueFrom:
                    secretKeyRef:
                      key: token
                      name: cloudscale
              image: ghcr.io/vshn/cloudscale-metrics-collector:v0.4.1
              name: cloudscale-metrics-collector-backfill
              resources: {}
          restartPolicy: OnFailure
  schedule: 10 4,10,16 * * *
  successfulJobsHistoryLimit: 3
