apiVersion: v1
kind: Namespace
metadata:
  labels:
    app.kubernetes.io/managed-by: commodore
    app.kubernetes.io/name: appuio-cloud-reporting
    app.kubernetes.io/part-of: syn
  name: appuio-cloud-reporting
