apiVersion: v1
data: {}
kind: Secret
metadata:
  annotations: {}
  labels:
    name: cloudscale
  name: cloudscale
  namespace: appuio-cloud-reporting
stringData:
  token: replace-this-by-the-real-cloudscale-token
type: Opaque
