apiVersion: batch/v1
kind: CronJob
metadata:
  labels:
    app.kubernetes.io/component: cloudscale-metrics-collector
    app.kubernetes.io/managed-by: commodore
    app.kubernetes.io/name: cloudscale-metrics-collector
    app.kubernetes.io/part-of: appuio-cloud-reporting
  name: collector-exoscale-ch-gva-2-0
  namespace: appuio-cloud-reporting
spec:
  concurrencyPolicy: Forbid
  failedJobsHistoryLimit: 5
  jobTemplate:
    spec:
      template:
        spec:
          containers:
            - args:
                - cloudscale-metrics-collector
              command:
                - sh
                - -c
              env:
                - name: password
                  valueFrom:
                    secretKeyRef:
                      key: password
                      name: reporting-db
                - name: username
                  valueFrom:
                    secretKeyRef:
                      key: username
                      name: reporting-db
                - name: ACR_DB_URL
                  value: postgres://$(username):$(password)@reporting-db.appuio-reporting.svc:5432/reporting?sslmode=disable
              envFrom:
                - secretRef:
                    name: credentials-collector-exoscale-ch-gva-2-0
              image: ghcr.io/vshn/cloudscale-metrics-collector:v0.5.1
              name: cloudscale-metrics-collector-backfill
              resources: {}
          restartPolicy: OnFailure
  schedule: 10 4,10,16 * * *
  successfulJobsHistoryLimit: 3
