apiVersion: v1
data: {}
kind: Secret
metadata:
  annotations: {}
  labels:
    name: credentials-collector-exoscale-ch-gva-2-0
  name: credentials-collector-exoscale-ch-gva-2-0
  namespace: appuio-cloud-reporting
stringData:
  CLOUDSCALE_API_TOKEN: t-silent-test-1234/c-green-test-1234/cloudscale-metrics-collector/collector-exoscale-ch-gva-2-0/token
  KUBERNETES_SERVER_TOKEN: t-silent-test-1234/c-green-test-1234/cloudscale-metrics-collector/collector-exoscale-ch-gva-2-0/cluster-token
  KUBERNETES_SERVER_URL: t-silent-test-1234/c-green-test-1234/cloudscale-metrics-collector/collector-exoscale-ch-gva-2-0/cluster-server
type: Opaque
